<html>
<body>
<pre>
<h1>µVision Build Log</h1>
<h2>Tool Versions:</h2>
IDE-Version: ¦ÌVision V5.14.0.0
Copyright (C) 2015 ARM Ltd and ARM Germany GmbH. All rights reserved.
License Information: ldy mayuri, 123, LIC=HN08T-R7XW7-WEHH7-EY0U5-FH8EC-D58JR
 
Tool Versions:
Toolchain:       MDK-ARM Standard  Version: 5.14.0.0
Toolchain Path:  C:\Keil_v5\ARM\ARMCC\Bin
C Compiler:      Armcc.exe V5.05 update 1 (build 106)
Assembler:       Armasm.exe V5.05 update 1 (build 106)
Linker/Locator:  ArmLink.exe V5.05 update 1 (build 106)
Library Manager: ArmAr.exe V5.05 update 1 (build 106)
Hex Converter:   FromElf.exe V5.05 update 1 (build 106)
CPU DLL:         SARMCM3.DLL V5.14.0.0
Dialog DLL:      DARMSTM.DLL V1.65.0.0
Target DLL:      STLink\ST-LINKIII-KEIL_SWO.dll V2.0.14.0_KEIL
Dialog DLL:      TARMSTM.DLL V1.64.0.0
 
<h2>Project:</h2>
C:\Users\mayuri\Desktop\touchpad\USER\TOUCH.uvprojx
Project File Date:  06/14/2018

<h2>Output:</h2>
Build target 'TOUCH'
compiling main.c...
hanzi.h(6): warning:  #375-D: declaration requires a typedef name
  };
hanzi.h(234): warning:  #1-D: last line of file ends without a newline
  // ÖÐ¹ú
main.c(119): warning:  #177-D: variable "time" was declared but never referenced
                int time=100;
main.c(148): warning:  #167-D: argument of type "char *" is incompatible with parameter of type "u8 *"
        fWriteHz24(GB_24[0].Msk,5+5,50,2,RED);   
main.c(149): warning:  #167-D: argument of type "char *" is incompatible with parameter of type "u8 *"
        fWriteHz24(GB_24[1].Msk,50+5,50,2,RED);
main.c(150): warning:  #167-D: argument of type "char *" is incompatible with parameter of type "u8 *"
        fWriteHz24(GB_24[2].Msk,95+5,50,2,RED);
main.c(151): warning:  #167-D: argument of type "char *" is incompatible with parameter of type "u8 *"
        fWriteHz24(GB_24[3].Msk,140+5,50,2,RED);
main.c(152): warning:  #167-D: argument of type "char *" is incompatible with parameter of type "u8 *"
        fWriteHz24(GB_24[4].Msk,185+5,50,2,RED);
main.c(154): warning:  #167-D: argument of type "char *" is incompatible with parameter of type "u8 *"
        fWriteHz24(GB_lianxi[0].Msk,55+5,150,1,WHITE);   
main.c(155): warning:  #167-D: argument of type "char *" is incompatible with parameter of type "u8 *"
        fWriteHz24(GB_lianxi[1].Msk,88+5,150,1,WHITE);
main.c(156): warning:  #167-D: argument of type "char *" is incompatible with parameter of type "u8 *"
        fWriteHz24(GB_lianxi[2].Msk,121+5,150,1,WHITE);
main.c(157): warning:  #167-D: argument of type "char *" is incompatible with parameter of type "u8 *"
        fWriteHz24(GB_lianxi[3].Msk,155+5,150,1,WHITE);
main.c(159): warning:  #167-D: argument of type "char *" is incompatible with parameter of type "u8 *"
        fWriteHz24(GB_bisai[0].Msk,55+5,190,1,WHITE);    
main.c(160): warning:  #167-D: argument of type "char *" is incompatible with parameter of type "u8 *"
        fWriteHz24(GB_bisai[1].Msk,88+5,190,1,WHITE);
main.c(161): warning:  #167-D: argument of type "char *" is incompatible with parameter of type "u8 *"
        fWriteHz24(GB_bisai[2].Msk,121+5,190,1,WHITE);
main.c(162): warning:  #167-D: argument of type "char *" is incompatible with parameter of type "u8 *"
        fWriteHz24(GB_bisai[3].Msk,155+5,190,1,WHITE);
main.c(164): warning:  #167-D: argument of type "char *" is incompatible with parameter of type "u8 *"
        fWriteHz24(GB_lianji[0].Msk,55+5,230,1,WHITE);   
main.c(165): warning:  #167-D: argument of type "char *" is incompatible with parameter of type "u8 *"
        fWriteHz24(GB_lianji[1].Msk,88+5,230,1,WHITE);
main.c(166): warning:  #167-D: argument of type "char *" is incompatible with parameter of type "u8 *"
        fWriteHz24(GB_lianji[2].Msk,121+5,230,1,WHITE);
main.c(167): warning:  #167-D: argument of type "char *" is incompatible with parameter of type "u8 *"
        fWriteHz24(GB_lianji[3].Msk,155+5,230,1,WHITE);
main.c(169): warning:  #167-D: argument of type "char *" is incompatible with parameter of type "u8 *"
        fWriteHz24(GB_bangzhu[0].Msk,55+5,270,1,WHITE);  
main.c(170): warning:  #167-D: argument of type "char *" is incompatible with parameter of type "u8 *"
        fWriteHz24(GB_bangzhu[1].Msk,88+5,270,1,WHITE);
main.c(171): warning:  #167-D: argument of type "char *" is incompatible with parameter of type "u8 *"
        fWriteHz24(GB_bangzhu[2].Msk,121+5,270,1,WHITE);
main.c(172): warning:  #167-D: argument of type "char *" is incompatible with parameter of type "u8 *"
        fWriteHz24(GB_bangzhu[3].Msk,155+5,270,1,WHITE);
main.c(177): warning:  #550-D: variable "key" was set but never used
        u8 key;
main.c(178): warning:  #177-D: variable "i" was declared but never referenced
        u8 i=0;   
main.c: 26 warnings, 0 errors
linking...
Program Size: Code=40110 RO-data=6802 RW-data=2904 ZI-data=1848  
FromELF: creating hex file...
"..\OBJ\TOUCH.axf" - 0 Error(s), 26 Warning(s).

<h2>Collection of Component include folders:</h2>
  C:\Users\mayuri\Desktop\touchpad\USER\RTE
  C:\Keil_v5\ARM\PACK\Keil\STM32F1xx_DFP\1.0.5\Device\Include

<h2>Collection of Component Files used:</h2>
</pre>
</body>
</html>
